[2026-06-29T09:28:10.565Z] === เริ่มอัปเดตข้อมูลปุ๋ย ===
[2026-06-29T09:28:11.674Z]   • พบ URL ล่าสุด: https://thedocs.worldbank.org/en/doc/74e8be41ceb20fa0da750cda2f6b9e4e-0050012026/related/CMO-Historical-Data-Monthly.xlsx
[2026-06-29T09:28:11.674Z]   • ดาวน์โหลด Pink Sheet ล่าสุด ...
[2026-06-29T09:28:11.674Z]   • อ่านไฟล์ xlsx ...
[2026-06-29T09:28:11.675Z]   • ข้อมูลยังเป็นเดือนเดิม (พ.ค. 69) — ไม่เขียนทับ
[2026-06-29T09:28:11.675Z]     NO_UPDATE
[2026-06-29T09:28:11.675Z] ✓ build-data.js สำเร็จ
[2026-06-29T09:28:11.675Z] • ข้าม Comtrade (ไม่พบ COMTRADE_KEY)
[2026-06-29T09:28:11.675Z] === จบการอัปเดต ===

[2026-06-29T09:45:04.753Z] === เริ่มอัปเดตข้อมูลปุ๋ย ===
[2026-06-29T09:45:06.032Z]   • พบ URL ล่าสุด: https://thedocs.worldbank.org/en/doc/74e8be41ceb20fa0da750cda2f6b9e4e-0050012026/related/CMO-Historical-Data-Monthly.xlsx
[2026-06-29T09:45:06.032Z]   • ดาวน์โหลด Pink Sheet ล่าสุด ...
[2026-06-29T09:45:06.032Z]   • อ่านไฟล์ xlsx ...
[2026-06-29T09:45:06.032Z]   • ข้อมูลยังเป็นเดือนเดิม (พ.ค. 69) — ไม่เขียนทับ
[2026-06-29T09:45:06.032Z]     NO_UPDATE
[2026-06-29T09:45:06.032Z] ✓ build-data.js สำเร็จ
[2026-06-29T09:47:41.884Z]   • ใช้ UN Comtrade API (key: ***89ba)
[2026-06-29T09:47:41.884Z]   • ค้นหาเดือนล่าสุดที่มีข้อมูล ย้อนหลังจาก 2026-06 (24 เดือน)
[2026-06-29T09:47:41.884Z]     ไทย              urea            403.09 USD/t (193kt, ก.พ. 68)  ✓
[2026-06-29T09:47:41.884Z]     รัสเซีย          urea            —  ✗ ไม่มีข้อมูล
[2026-06-29T09:47:41.884Z]     ซาอุดีอาระเบีย   urea            437.5 USD/t (348kt, ก.ค. 68)  ✓
[2026-06-29T09:47:41.884Z]     บรูไน            urea            —  ✗ ไม่มีข้อมูล
[2026-06-29T09:47:41.884Z]     อินโดนีเซีย      urea            488.46 USD/t (61kt, เม.ย. 69)  ✓
[2026-06-29T09:47:41.884Z]     จีน              urea            355.13 USD/t (26kt, ส.ค. 67)  ✓
[2026-06-29T09:47:41.884Z]     ไทย              dap             —  ⚠ ปริมาณน้อย (ตัดทิ้ง)
[2026-06-29T09:47:41.884Z]     รัสเซีย          dap             —  ✗ ไม่มีข้อมูล
[2026-06-29T09:47:41.884Z]     ซาอุดีอาระเบีย   dap             865.18 USD/t (364kt, ก.ค. 68)  ✓
[2026-06-29T09:47:41.884Z]     บรูไน            dap             —  ✗ ไม่มีข้อมูล
[2026-06-29T09:47:41.884Z]     อินโดนีเซีย      dap             —  ✗ ไม่มีข้อมูล
[2026-06-29T09:47:41.884Z]     จีน              dap             606.49 USD/t (213kt, ธ.ค. 67)  ✓
[2026-06-29T09:47:41.884Z]     ไทย              mop             376.17 USD/t (60kt, ก.พ. 68)  ✓
[2026-06-29T09:47:41.885Z]     รัสเซีย          mop             —  ✗ ไม่มีข้อมูล
[2026-06-29T09:47:41.885Z]     ซาอุดีอาระเบีย   mop             —  ⚠ ปริมาณน้อย (ตัดทิ้ง)
[2026-06-29T09:47:41.885Z]     บรูไน            mop             —  ✗ ไม่มีข้อมูล
[2026-06-29T09:47:41.885Z]     อินโดนีเซีย      mop             —  ⚠ ปริมาณน้อย (ตัดทิ้ง)
[2026-06-29T09:47:41.885Z]     จีน              mop             363.25 USD/t (12kt, ก.ย. 67)  ✓
[2026-06-29T09:47:41.885Z]     ไทย              phosphate_rock  —  ⚠ ปริมาณน้อย (ตัดทิ้ง)
[2026-06-29T09:47:41.885Z]     รัสเซีย          phosphate_rock  —  ✗ ไม่มีข้อมูล
[2026-06-29T09:47:41.885Z]     ซาอุดีอาระเบีย   phosphate_rock  —  ⚠ ปริมาณน้อย (ตัดทิ้ง)
[2026-06-29T09:47:41.885Z]     บรูไน            phosphate_rock  —  ✗ ไม่มีข้อมูล
[2026-06-29T09:47:41.885Z]     อินโดนีเซีย      phosphate_rock  —  ✗ ไม่มีข้อมูล
[2026-06-29T09:47:41.885Z]     จีน              phosphate_rock  228.17 USD/t (13kt, ธ.ค. 67)  ✓
[2026-06-29T09:47:41.885Z]   • เขียน data-comtrade.js สำเร็จ
[2026-06-29T09:47:41.885Z] ✓ build-comtrade.js สำเร็จ
[2026-06-29T09:47:41.885Z] === จบการอัปเดต ===

[2026-07-02T04:16:34.895Z] === เริ่มอัปเดตข้อมูลปุ๋ย ===
[2026-07-02T04:16:35.896Z]   • พบ URL ล่าสุด: https://thedocs.worldbank.org/en/doc/74e8be41ceb20fa0da750cda2f6b9e4e-0050012026/related/CMO-Historical-Data-Monthly.xlsx
[2026-07-02T04:16:35.896Z]   • ดาวน์โหลด Pink Sheet ล่าสุด ...
[2026-07-02T04:16:35.897Z]   • อ่านไฟล์ xlsx ...
[2026-07-02T04:16:35.897Z]   • ข้อมูลยังเป็นเดือนเดิม (พ.ค. 69) — ไม่เขียนทับ
[2026-07-02T04:16:35.897Z]     NO_UPDATE
[2026-07-02T04:16:35.897Z] ✓ build-data.js สำเร็จ
[2026-07-02T04:20:04.754Z]   • ใช้ UN Comtrade API (key: ***89ba)
[2026-07-02T04:20:04.754Z]   • ค้นหาเดือนล่าสุดที่มีข้อมูล ย้อนหลังจาก 2026-07 (24 เดือน)
[2026-07-02T04:20:04.754Z]     ไทย              urea            403.09 USD/t (193kt, ก.พ. 68)  ✓
[2026-07-02T04:20:04.754Z]     รัสเซีย          urea            —  ✗ ไม่มีข้อมูล
[2026-07-02T04:20:04.754Z]     ซาอุดีอาระเบีย   urea            437.5 USD/t (348kt, ก.ค. 68)  ✓
[2026-07-02T04:20:04.754Z]     บรูไน            urea            —  ✗ ไม่มีข้อมูล
[2026-07-02T04:20:04.754Z]     อินโดนีเซีย      urea            488.46 USD/t (61kt, เม.ย. 69)  ✓
[2026-07-02T04:20:04.754Z]     จีน              urea            355.13 USD/t (26kt, ส.ค. 67)  ✓
[2026-07-02T04:20:04.754Z]     ไทย              dap             —  ⚠ ปริมาณน้อย (ตัดทิ้ง)
[2026-07-02T04:20:04.754Z]     รัสเซีย          dap             —  ✗ ไม่มีข้อมูล
[2026-07-02T04:20:04.754Z]     ซาอุดีอาระเบีย   dap             865.18 USD/t (364kt, ก.ค. 68)  ✓
[2026-07-02T04:20:04.754Z]     บรูไน            dap             —  ✗ ไม่มีข้อมูล
[2026-07-02T04:20:04.755Z]     อินโดนีเซีย      dap             —  ✗ ไม่มีข้อมูล
[2026-07-02T04:20:04.755Z]     จีน              dap             606.49 USD/t (213kt, ธ.ค. 67)  ✓
[2026-07-02T04:20:04.755Z]     ไทย              mop             376.17 USD/t (60kt, ก.พ. 68)  ✓
[2026-07-02T04:20:04.755Z]     รัสเซีย          mop             —  ✗ ไม่มีข้อมูล
[2026-07-02T04:20:04.755Z]     ซาอุดีอาระเบีย   mop             —  ⚠ ปริมาณน้อย (ตัดทิ้ง)
[2026-07-02T04:20:04.755Z]     บรูไน            mop             —  ✗ ไม่มีข้อมูล
[2026-07-02T04:20:04.755Z]     อินโดนีเซีย      mop             —  ⚠ ปริมาณน้อย (ตัดทิ้ง)
[2026-07-02T04:20:04.755Z]     จีน              mop             363.25 USD/t (12kt, ก.ย. 67)  ✓
[2026-07-02T04:20:04.755Z]     ไทย              phosphate_rock  —  ⚠ ปริมาณน้อย (ตัดทิ้ง)
[2026-07-02T04:20:04.755Z]     รัสเซีย          phosphate_rock  —  ✗ ไม่มีข้อมูล
[2026-07-02T04:20:04.755Z]     ซาอุดีอาระเบีย   phosphate_rock  —  ⚠ ปริมาณน้อย (ตัดทิ้ง)
[2026-07-02T04:20:04.755Z]     บรูไน            phosphate_rock  —  ✗ ไม่มีข้อมูล
[2026-07-02T04:20:04.755Z]     อินโดนีเซีย      phosphate_rock  —  ✗ ไม่มีข้อมูล
[2026-07-02T04:20:04.755Z]     จีน              phosphate_rock  228.17 USD/t (13kt, ธ.ค. 67)  ✓
[2026-07-02T04:20:04.755Z]   • เขียน data-comtrade.js สำเร็จ
[2026-07-02T04:20:04.755Z] ✓ build-comtrade.js สำเร็จ
[2026-07-02T04:20:04.755Z] === จบการอัปเดต ===

[2026-07-03T04:02:24.882Z] === เริ่มอัปเดตข้อมูลปุ๋ย ===
[2026-07-03T04:02:25.836Z]   • พบ URL ล่าสุด: https://thedocs.worldbank.org/en/doc/74e8be41ceb20fa0da750cda2f6b9e4e-0050012026/related/CMO-Historical-Data-Monthly.xlsx
[2026-07-03T04:02:25.836Z]   • ดาวน์โหลด Pink Sheet ล่าสุด ...
[2026-07-03T04:02:25.836Z]   • อ่านไฟล์ xlsx ...
[2026-07-03T04:02:25.836Z]   • เขียน data.js สำเร็จ (อัปเดตใหม่!)
[2026-07-03T04:02:25.836Z]     ช่วงเวลา : มิ.ย. 68 → มิ.ย. 69
[2026-07-03T04:02:25.836Z]     Urea ล่าสุด : 453.1 USD/ตัน
[2026-07-03T04:02:25.837Z]     DAP  ล่าสุด : 783.8 USD/ตัน
[2026-07-03T04:02:25.837Z]     MOP  ล่าสุด : 402.5 USD/ตัน
[2026-07-03T04:02:25.837Z]     Phosphate rock ล่าสุด : 156.9 USD/ตัน
[2026-07-03T04:02:25.837Z] ✓ build-data.js สำเร็จ
[2026-07-03T04:04:54.316Z]   • ใช้ UN Comtrade API (key: ***89ba)
[2026-07-03T04:04:54.316Z]   • ค้นหาเดือนล่าสุดที่มีข้อมูล ย้อนหลังจาก 2026-07 (24 เดือน)
[2026-07-03T04:04:54.316Z]     ไทย              urea            403.09 USD/t (193kt, ก.พ. 68)  ✓
[2026-07-03T04:04:54.316Z]     รัสเซีย          urea            —  ✗ ไม่มีข้อมูล
[2026-07-03T04:04:54.316Z]     ซาอุดีอาระเบีย   urea            437.5 USD/t (348kt, ก.ค. 68)  ✓
[2026-07-03T04:04:54.316Z]     บรูไน            urea            —  ✗ ไม่มีข้อมูล
[2026-07-03T04:04:54.316Z]     อินโดนีเซีย      urea            488.46 USD/t (61kt, เม.ย. 69)  ✓
[2026-07-03T04:04:54.316Z]     จีน              urea            355.13 USD/t (26kt, ส.ค. 67)  ✓
[2026-07-03T04:04:54.317Z]     ไทย              dap             —  ⚠ ปริมาณน้อย (ตัดทิ้ง)
[2026-07-03T04:04:54.317Z]     รัสเซีย          dap             —  ✗ ไม่มีข้อมูล
[2026-07-03T04:04:54.317Z]     ซาอุดีอาระเบีย   dap             865.18 USD/t (364kt, ก.ค. 68)  ✓
[2026-07-03T04:04:54.317Z]     บรูไน            dap             —  ✗ ไม่มีข้อมูล
[2026-07-03T04:04:54.317Z]     อินโดนีเซีย      dap             —  ✗ ไม่มีข้อมูล
[2026-07-03T04:04:54.317Z]     จีน              dap             606.49 USD/t (213kt, ธ.ค. 67)  ✓
[2026-07-03T04:04:54.317Z]     ไทย              mop             376.17 USD/t (60kt, ก.พ. 68)  ✓
[2026-07-03T04:04:54.317Z]     รัสเซีย          mop             —  ✗ ไม่มีข้อมูล
[2026-07-03T04:04:54.317Z]     ซาอุดีอาระเบีย   mop             —  ⚠ ปริมาณน้อย (ตัดทิ้ง)
[2026-07-03T04:04:54.317Z]     บรูไน            mop             —  ✗ ไม่มีข้อมูล
[2026-07-03T04:04:54.317Z]     อินโดนีเซีย      mop             —  ⚠ ปริมาณน้อย (ตัดทิ้ง)
[2026-07-03T04:04:54.317Z]     จีน              mop             363.25 USD/t (12kt, ก.ย. 67)  ✓
[2026-07-03T04:04:54.317Z]     ไทย              phosphate_rock  —  ⚠ ปริมาณน้อย (ตัดทิ้ง)
[2026-07-03T04:04:54.317Z]     รัสเซีย          phosphate_rock  —  ✗ ไม่มีข้อมูล
[2026-07-03T04:04:54.317Z]     ซาอุดีอาระเบีย   phosphate_rock  —  ⚠ ปริมาณน้อย (ตัดทิ้ง)
[2026-07-03T04:04:54.317Z]     บรูไน            phosphate_rock  —  ✗ ไม่มีข้อมูล
[2026-07-03T04:04:54.318Z]     อินโดนีเซีย      phosphate_rock  —  ✗ ไม่มีข้อมูล
[2026-07-03T04:04:54.318Z]     จีน              phosphate_rock  228.17 USD/t (13kt, ธ.ค. 67)  ✓
[2026-07-03T04:04:54.318Z]   • เขียน data-comtrade.js สำเร็จ
[2026-07-03T04:04:54.318Z] ✓ build-comtrade.js สำเร็จ
[2026-07-03T04:04:54.318Z] === จบการอัปเดต ===

[2026-07-04T03:56:17.699Z] === เริ่มอัปเดตข้อมูลปุ๋ย ===
[2026-07-04T03:56:18.567Z]   • พบ URL ล่าสุด: https://thedocs.worldbank.org/en/doc/74e8be41ceb20fa0da750cda2f6b9e4e-0050012026/related/CMO-Historical-Data-Monthly.xlsx
[2026-07-04T03:56:18.567Z]   • ดาวน์โหลด Pink Sheet ล่าสุด ...
[2026-07-04T03:56:18.568Z]   • อ่านไฟล์ xlsx ...
[2026-07-04T03:56:18.568Z]   • ข้อมูลยังเป็นเดือนเดิม (มิ.ย. 69) — ไม่เขียนทับ
[2026-07-04T03:56:18.568Z]     NO_UPDATE
[2026-07-04T03:56:18.568Z] ✓ build-data.js สำเร็จ
[2026-07-04T03:58:57.801Z]   • ใช้ UN Comtrade API (key: ***89ba)
[2026-07-04T03:58:57.801Z]   • ค้นหาเดือนล่าสุดที่มีข้อมูล ย้อนหลังจาก 2026-07 (24 เดือน)
[2026-07-04T03:58:57.801Z]     ไทย              urea            403.09 USD/t (193kt, ก.พ. 68)  ✓
[2026-07-04T03:58:57.801Z]     รัสเซีย          urea            —  ✗ ไม่มีข้อมูล
[2026-07-04T03:58:57.801Z]     ซาอุดีอาระเบีย   urea            437.5 USD/t (348kt, ก.ค. 68)  ✓
[2026-07-04T03:58:57.801Z]     บรูไน            urea            —  ✗ ไม่มีข้อมูล
[2026-07-04T03:58:57.801Z]     อินโดนีเซีย      urea            488.46 USD/t (61kt, เม.ย. 69)  ✓
[2026-07-04T03:58:57.801Z]     จีน              urea            355.13 USD/t (26kt, ส.ค. 67)  ✓
[2026-07-04T03:58:57.801Z]     ไทย              dap             —  ⚠ ปริมาณน้อย (ตัดทิ้ง)
[2026-07-04T03:58:57.801Z]     รัสเซีย          dap             —  ✗ ไม่มีข้อมูล
[2026-07-04T03:58:57.801Z]     ซาอุดีอาระเบีย   dap             865.18 USD/t (364kt, ก.ค. 68)  ✓
[2026-07-04T03:58:57.802Z]     บรูไน            dap             —  ✗ ไม่มีข้อมูล
[2026-07-04T03:58:57.802Z]     อินโดนีเซีย      dap             —  ✗ ไม่มีข้อมูล
[2026-07-04T03:58:57.802Z]     จีน              dap             606.49 USD/t (213kt, ธ.ค. 67)  ✓
[2026-07-04T03:58:57.802Z]     ไทย              mop             376.17 USD/t (60kt, ก.พ. 68)  ✓
[2026-07-04T03:58:57.802Z]     รัสเซีย          mop             —  ✗ ไม่มีข้อมูล
[2026-07-04T03:58:57.802Z]     ซาอุดีอาระเบีย   mop             —  ⚠ ปริมาณน้อย (ตัดทิ้ง)
[2026-07-04T03:58:57.802Z]     บรูไน            mop             —  ✗ ไม่มีข้อมูล
[2026-07-04T03:58:57.802Z]     อินโดนีเซีย      mop             —  ⚠ ปริมาณน้อย (ตัดทิ้ง)
[2026-07-04T03:58:57.802Z]     จีน              mop             363.25 USD/t (12kt, ก.ย. 67)  ✓
[2026-07-04T03:58:57.802Z]     ไทย              phosphate_rock  —  ⚠ ปริมาณน้อย (ตัดทิ้ง)
[2026-07-04T03:58:57.802Z]     รัสเซีย          phosphate_rock  —  ✗ ไม่มีข้อมูล
[2026-07-04T03:58:57.802Z]     ซาอุดีอาระเบีย   phosphate_rock  —  ⚠ ปริมาณน้อย (ตัดทิ้ง)
[2026-07-04T03:58:57.802Z]     บรูไน            phosphate_rock  —  ✗ ไม่มีข้อมูล
[2026-07-04T03:58:57.802Z]     อินโดนีเซีย      phosphate_rock  —  ✗ ไม่มีข้อมูล
[2026-07-04T03:58:57.802Z]     จีน              phosphate_rock  228.17 USD/t (13kt, ธ.ค. 67)  ✓
[2026-07-04T03:58:57.802Z]   • เขียน data-comtrade.js สำเร็จ
[2026-07-04T03:58:57.802Z] ✓ build-comtrade.js สำเร็จ
[2026-07-04T03:58:57.802Z] === จบการอัปเดต ===

[2026-07-05T04:16:01.373Z] === เริ่มอัปเดตข้อมูลปุ๋ย ===
[2026-07-05T04:16:02.279Z]   • พบ URL ล่าสุด: https://thedocs.worldbank.org/en/doc/74e8be41ceb20fa0da750cda2f6b9e4e-0050012026/related/CMO-Historical-Data-Monthly.xlsx
[2026-07-05T04:16:02.279Z]   • ดาวน์โหลด Pink Sheet ล่าสุด ...
[2026-07-05T04:16:02.279Z]   • อ่านไฟล์ xlsx ...
[2026-07-05T04:16:02.279Z]   • ข้อมูลยังเป็นเดือนเดิม (มิ.ย. 69) — ไม่เขียนทับ
[2026-07-05T04:16:02.279Z]     NO_UPDATE
[2026-07-05T04:16:02.279Z] ✓ build-data.js สำเร็จ
[2026-07-05T04:18:32.818Z]   • ใช้ UN Comtrade API (key: ***89ba)
[2026-07-05T04:18:32.818Z]   • ค้นหาเดือนล่าสุดที่มีข้อมูล ย้อนหลังจาก 2026-07 (24 เดือน)
[2026-07-05T04:18:32.818Z]     ไทย              urea            403.09 USD/t (193kt, ก.พ. 68)  ✓
[2026-07-05T04:18:32.818Z]     รัสเซีย          urea            —  ✗ ไม่มีข้อมูล
[2026-07-05T04:18:32.818Z]     ซาอุดีอาระเบีย   urea            437.5 USD/t (348kt, ก.ค. 68)  ✓
[2026-07-05T04:18:32.818Z]     บรูไน            urea            —  ✗ ไม่มีข้อมูล
[2026-07-05T04:18:32.818Z]     อินโดนีเซีย      urea            488.46 USD/t (61kt, เม.ย. 69)  ✓
[2026-07-05T04:18:32.818Z]     จีน              urea            355.13 USD/t (26kt, ส.ค. 67)  ✓
[2026-07-05T04:18:32.819Z]     ไทย              dap             —  ⚠ ปริมาณน้อย (ตัดทิ้ง)
[2026-07-05T04:18:32.819Z]     รัสเซีย          dap             —  ✗ ไม่มีข้อมูล
[2026-07-05T04:18:32.819Z]     ซาอุดีอาระเบีย   dap             865.18 USD/t (364kt, ก.ค. 68)  ✓
[2026-07-05T04:18:32.819Z]     บรูไน            dap             —  ✗ ไม่มีข้อมูล
[2026-07-05T04:18:32.819Z]     อินโดนีเซีย      dap             —  ✗ ไม่มีข้อมูล
[2026-07-05T04:18:32.819Z]     จีน              dap             606.49 USD/t (213kt, ธ.ค. 67)  ✓
[2026-07-05T04:18:32.819Z]     ไทย              mop             376.17 USD/t (60kt, ก.พ. 68)  ✓
[2026-07-05T04:18:32.819Z]     รัสเซีย          mop             —  ✗ ไม่มีข้อมูล
[2026-07-05T04:18:32.819Z]     ซาอุดีอาระเบีย   mop             —  ⚠ ปริมาณน้อย (ตัดทิ้ง)
[2026-07-05T04:18:32.819Z]     บรูไน            mop             —  ✗ ไม่มีข้อมูล
[2026-07-05T04:18:32.819Z]     อินโดนีเซีย      mop             —  ⚠ ปริมาณน้อย (ตัดทิ้ง)
[2026-07-05T04:18:32.819Z]     จีน              mop             363.25 USD/t (12kt, ก.ย. 67)  ✓
[2026-07-05T04:18:32.819Z]     ไทย              phosphate_rock  —  ⚠ ปริมาณน้อย (ตัดทิ้ง)
[2026-07-05T04:18:32.819Z]     รัสเซีย          phosphate_rock  —  ✗ ไม่มีข้อมูล
[2026-07-05T04:18:32.819Z]     ซาอุดีอาระเบีย   phosphate_rock  —  ⚠ ปริมาณน้อย (ตัดทิ้ง)
[2026-07-05T04:18:32.819Z]     บรูไน            phosphate_rock  —  ✗ ไม่มีข้อมูล
[2026-07-05T04:18:32.819Z]     อินโดนีเซีย      phosphate_rock  —  ✗ ไม่มีข้อมูล
[2026-07-05T04:18:32.819Z]     จีน              phosphate_rock  228.17 USD/t (13kt, ธ.ค. 67)  ✓
[2026-07-05T04:18:32.819Z]   • เขียน data-comtrade.js สำเร็จ
[2026-07-05T04:18:32.819Z] ✓ build-comtrade.js สำเร็จ
[2026-07-05T04:18:32.819Z] === จบการอัปเดต ===

[2026-07-06T04:23:22.389Z] === เริ่มอัปเดตข้อมูลปุ๋ย ===
[2026-07-06T04:23:23.389Z]   • พบ URL ล่าสุด: https://thedocs.worldbank.org/en/doc/74e8be41ceb20fa0da750cda2f6b9e4e-0050012026/related/CMO-Historical-Data-Monthly.xlsx
[2026-07-06T04:23:23.389Z]   • ดาวน์โหลด Pink Sheet ล่าสุด ...
[2026-07-06T04:23:23.389Z]   • อ่านไฟล์ xlsx ...
[2026-07-06T04:23:23.389Z]   • ข้อมูลยังเป็นเดือนเดิม (มิ.ย. 69) — ไม่เขียนทับ
[2026-07-06T04:23:23.389Z]     NO_UPDATE
[2026-07-06T04:23:23.389Z] ✓ build-data.js สำเร็จ
[2026-07-06T04:25:59.031Z]   • ใช้ UN Comtrade API (key: ***89ba)
[2026-07-06T04:25:59.031Z]   • ค้นหาเดือนล่าสุดที่มีข้อมูล ย้อนหลังจาก 2026-07 (24 เดือน)
[2026-07-06T04:25:59.031Z]     ไทย              urea            403.09 USD/t (193kt, ก.พ. 68)  ✓
[2026-07-06T04:25:59.031Z]     รัสเซีย          urea            —  ✗ ไม่มีข้อมูล
[2026-07-06T04:25:59.031Z]     ซาอุดีอาระเบีย   urea            437.5 USD/t (348kt, ก.ค. 68)  ✓
[2026-07-06T04:25:59.031Z]     บรูไน            urea            —  ✗ ไม่มีข้อมูล
[2026-07-06T04:25:59.032Z]     อินโดนีเซีย      urea            488.46 USD/t (61kt, เม.ย. 69)  ✓
[2026-07-06T04:25:59.032Z]     จีน              urea            355.13 USD/t (26kt, ส.ค. 67)  ✓
[2026-07-06T04:25:59.032Z]     ไทย              dap             —  ⚠ ปริมาณน้อย (ตัดทิ้ง)
[2026-07-06T04:25:59.032Z]     รัสเซีย          dap             —  ✗ ไม่มีข้อมูล
[2026-07-06T04:25:59.032Z]     ซาอุดีอาระเบีย   dap             865.18 USD/t (364kt, ก.ค. 68)  ✓
[2026-07-06T04:25:59.032Z]     บรูไน            dap             —  ✗ ไม่มีข้อมูล
[2026-07-06T04:25:59.032Z]     อินโดนีเซีย      dap             —  ✗ ไม่มีข้อมูล
[2026-07-06T04:25:59.032Z]     จีน              dap             606.49 USD/t (213kt, ธ.ค. 67)  ✓
[2026-07-06T04:25:59.032Z]     ไทย              mop             376.17 USD/t (60kt, ก.พ. 68)  ✓
[2026-07-06T04:25:59.032Z]     รัสเซีย          mop             —  ✗ ไม่มีข้อมูล
[2026-07-06T04:25:59.032Z]     ซาอุดีอาระเบีย   mop             —  ⚠ ปริมาณน้อย (ตัดทิ้ง)
[2026-07-06T04:25:59.032Z]     บรูไน            mop             —  ✗ ไม่มีข้อมูล
[2026-07-06T04:25:59.032Z]     อินโดนีเซีย      mop             —  ⚠ ปริมาณน้อย (ตัดทิ้ง)
[2026-07-06T04:25:59.032Z]     จีน              mop             363.25 USD/t (12kt, ก.ย. 67)  ✓
[2026-07-06T04:25:59.032Z]     ไทย              phosphate_rock  —  ⚠ ปริมาณน้อย (ตัดทิ้ง)
[2026-07-06T04:25:59.032Z]     รัสเซีย          phosphate_rock  —  ✗ ไม่มีข้อมูล
[2026-07-06T04:25:59.032Z]     ซาอุดีอาระเบีย   phosphate_rock  —  ⚠ ปริมาณน้อย (ตัดทิ้ง)
[2026-07-06T04:25:59.032Z]     บรูไน            phosphate_rock  —  ✗ ไม่มีข้อมูล
[2026-07-06T04:25:59.032Z]     อินโดนีเซีย      phosphate_rock  —  ✗ ไม่มีข้อมูล
[2026-07-06T04:25:59.033Z]     จีน              phosphate_rock  228.17 USD/t (13kt, ธ.ค. 67)  ✓
[2026-07-06T04:25:59.033Z]   • เขียน data-comtrade.js สำเร็จ
[2026-07-06T04:25:59.033Z] ✓ build-comtrade.js สำเร็จ
[2026-07-06T04:25:59.033Z] === จบการอัปเดต ===

[2026-07-07T04:12:26.343Z] === เริ่มอัปเดตข้อมูลปุ๋ย ===
[2026-07-07T04:12:27.381Z]   • พบ URL ล่าสุด: https://thedocs.worldbank.org/en/doc/74e8be41ceb20fa0da750cda2f6b9e4e-0050012026/related/CMO-Historical-Data-Monthly.xlsx
[2026-07-07T04:12:27.381Z]   • ดาวน์โหลด Pink Sheet ล่าสุด ...
[2026-07-07T04:12:27.381Z]   • อ่านไฟล์ xlsx ...
[2026-07-07T04:12:27.381Z]   • ข้อมูลยังเป็นเดือนเดิม (มิ.ย. 69) — ไม่เขียนทับ
[2026-07-07T04:12:27.382Z]     NO_UPDATE
[2026-07-07T04:12:27.382Z] ✓ build-data.js สำเร็จ
[2026-07-07T04:15:06.212Z]   • ใช้ UN Comtrade API (key: ***89ba)
[2026-07-07T04:15:06.212Z]   • ค้นหาเดือนล่าสุดที่มีข้อมูล ย้อนหลังจาก 2026-07 (24 เดือน)
[2026-07-07T04:15:06.212Z]     ไทย              urea            403.09 USD/t (193kt, ก.พ. 68)  ✓
[2026-07-07T04:15:06.212Z]     รัสเซีย          urea            —  ✗ ไม่มีข้อมูล
[2026-07-07T04:15:06.212Z]     ซาอุดีอาระเบีย   urea            437.5 USD/t (348kt, ก.ค. 68)  ✓
[2026-07-07T04:15:06.212Z]     บรูไน            urea            —  ✗ ไม่มีข้อมูล
[2026-07-07T04:15:06.213Z]     อินโดนีเซีย      urea            488.46 USD/t (61kt, เม.ย. 69)  ✓
[2026-07-07T04:15:06.213Z]     จีน              urea            355.13 USD/t (26kt, ส.ค. 67)  ✓
[2026-07-07T04:15:06.213Z]     ไทย              dap             —  ⚠ ปริมาณน้อย (ตัดทิ้ง)
[2026-07-07T04:15:06.213Z]     รัสเซีย          dap             —  ✗ ไม่มีข้อมูล
[2026-07-07T04:15:06.213Z]     ซาอุดีอาระเบีย   dap             865.18 USD/t (364kt, ก.ค. 68)  ✓
[2026-07-07T04:15:06.213Z]     บรูไน            dap             —  ✗ ไม่มีข้อมูล
[2026-07-07T04:15:06.213Z]     อินโดนีเซีย      dap             —  ✗ ไม่มีข้อมูล
[2026-07-07T04:15:06.213Z]     จีน              dap             606.49 USD/t (213kt, ธ.ค. 67)  ✓
[2026-07-07T04:15:06.213Z]     ไทย              mop             376.17 USD/t (60kt, ก.พ. 68)  ✓
[2026-07-07T04:15:06.213Z]     รัสเซีย          mop             —  ✗ ไม่มีข้อมูล
[2026-07-07T04:15:06.213Z]     ซาอุดีอาระเบีย   mop             —  ⚠ ปริมาณน้อย (ตัดทิ้ง)
[2026-07-07T04:15:06.213Z]     บรูไน            mop             —  ✗ ไม่มีข้อมูล
[2026-07-07T04:15:06.213Z]     อินโดนีเซีย      mop             —  ⚠ ปริมาณน้อย (ตัดทิ้ง)
[2026-07-07T04:15:06.213Z]     จีน              mop             363.25 USD/t (12kt, ก.ย. 67)  ✓
[2026-07-07T04:15:06.213Z]     ไทย              phosphate_rock  —  ⚠ ปริมาณน้อย (ตัดทิ้ง)
[2026-07-07T04:15:06.213Z]     รัสเซีย          phosphate_rock  —  ✗ ไม่มีข้อมูล
[2026-07-07T04:15:06.213Z]     ซาอุดีอาระเบีย   phosphate_rock  —  ⚠ ปริมาณน้อย (ตัดทิ้ง)
[2026-07-07T04:15:06.213Z]     บรูไน            phosphate_rock  —  ✗ ไม่มีข้อมูล
[2026-07-07T04:15:06.213Z]     อินโดนีเซีย      phosphate_rock  —  ✗ ไม่มีข้อมูล
[2026-07-07T04:15:06.213Z]     จีน              phosphate_rock  228.17 USD/t (13kt, ธ.ค. 67)  ✓
[2026-07-07T04:15:06.213Z]   • เขียน data-comtrade.js สำเร็จ
[2026-07-07T04:15:06.213Z] ✓ build-comtrade.js สำเร็จ
[2026-07-07T04:15:06.213Z] === จบการอัปเดต ===

[2026-08-02T03:45:08.890Z] === เริ่มอัปเดตข้อมูลปุ๋ย ===
[2026-08-02T03:45:09.911Z]   • พบ URL ล่าสุด: https://thedocs.worldbank.org/en/doc/74e8be41ceb20fa0da750cda2f6b9e4e-0050012026/related/CMO-Historical-Data-Monthly.xlsx
[2026-08-02T03:45:09.911Z]   • ดาวน์โหลด Pink Sheet ล่าสุด ...
[2026-08-02T03:45:09.911Z]   • อ่านไฟล์ xlsx ...
[2026-08-02T03:45:09.911Z]   • ข้อมูลยังเป็นเดือนเดิม (มิ.ย. 69) — ไม่เขียนทับ
[2026-08-02T03:45:09.911Z]     NO_UPDATE
[2026-08-02T03:45:09.911Z] ✓ build-data.js สำเร็จ
[2026-08-02T03:47:45.822Z]   • ใช้ UN Comtrade API (key: ***89ba)
[2026-08-02T03:47:45.823Z]   • ค้นหาเดือนล่าสุดที่มีข้อมูล ย้อนหลังจาก 2026-08 (24 เดือน)
[2026-08-02T03:47:45.823Z]     ไทย              urea            788.29 USD/t (48kt, พ.ค. 69)  ✓
[2026-08-02T03:47:45.823Z]     รัสเซีย          urea            —  ✗ ไม่มีข้อมูล
[2026-08-02T03:47:45.823Z]     ซาอุดีอาระเบีย   urea            801.71 USD/t (158kt, เม.ย. 69)  ✓
[2026-08-02T03:47:45.823Z]     บรูไน            urea            —  ✗ ไม่มีข้อมูล
[2026-08-02T03:47:45.823Z]     อินโดนีเซีย      urea            668.88 USD/t (33kt, พ.ค. 69)  ✓
[2026-08-02T03:47:45.823Z]     จีน              urea            —  ⚠ ปริมาณน้อย (ตัดทิ้ง)
[2026-08-02T03:47:45.823Z]     ไทย              dap             —  ⚠ ปริมาณน้อย (ตัดทิ้ง)
[2026-08-02T03:47:45.823Z]     รัสเซีย          dap             —  ✗ ไม่มีข้อมูล
[2026-08-02T03:47:45.823Z]     ซาอุดีอาระเบีย   dap             862.82 USD/t (298kt, เม.ย. 69)  ✓
[2026-08-02T03:47:45.823Z]     บรูไน            dap             —  ✗ ไม่มีข้อมูล
[2026-08-02T03:47:45.823Z]     อินโดนีเซีย      dap             —  ✗ ไม่มีข้อมูล
[2026-08-02T03:47:45.823Z]     จีน              dap             606.49 USD/t (213kt, ธ.ค. 67)  ✓
[2026-08-02T03:47:45.823Z]     ไทย              mop             414.97 USD/t (90kt, พ.ค. 69)  ✓
[2026-08-02T03:47:45.823Z]     รัสเซีย          mop             —  ✗ ไม่มีข้อมูล
[2026-08-02T03:47:45.824Z]     ซาอุดีอาระเบีย   mop             —  ⚠ ปริมาณน้อย (ตัดทิ้ง)
[2026-08-02T03:47:45.824Z]     บรูไน            mop             —  ✗ ไม่มีข้อมูล
[2026-08-02T03:47:45.824Z]     อินโดนีเซีย      mop             —  ⚠ ปริมาณน้อย (ตัดทิ้ง)
[2026-08-02T03:47:45.824Z]     จีน              mop             363.25 USD/t (12kt, ก.ย. 67)  ✓
[2026-08-02T03:47:45.824Z]     ไทย              phosphate_rock  —  ⚠ ปริมาณน้อย (ตัดทิ้ง)
[2026-08-02T03:47:45.824Z]     รัสเซีย          phosphate_rock  —  ✗ ไม่มีข้อมูล
[2026-08-02T03:47:45.824Z]     ซาอุดีอาระเบีย   phosphate_rock  —  ⚠ ปริมาณน้อย (ตัดทิ้ง)
[2026-08-02T03:47:45.824Z]     บรูไน            phosphate_rock  —  ✗ ไม่มีข้อมูล
[2026-08-02T03:47:45.824Z]     อินโดนีเซีย      phosphate_rock  —  ✗ ไม่มีข้อมูล
[2026-08-02T03:47:45.824Z]     จีน              phosphate_rock  228.17 USD/t (13kt, ธ.ค. 67)  ✓
[2026-08-02T03:47:45.824Z]   • เขียน data-comtrade.js สำเร็จ
[2026-08-02T03:47:45.824Z] ✓ build-comtrade.js สำเร็จ
[2026-08-02T03:47:45.824Z] === จบการอัปเดต ===

[2026-08-03T03:47:27.697Z] === เริ่มอัปเดตข้อมูลปุ๋ย ===
[2026-08-03T03:47:29.026Z]   • พบ URL ล่าสุด: https://thedocs.worldbank.org/en/doc/74e8be41ceb20fa0da750cda2f6b9e4e-0050012026/related/CMO-Historical-Data-Monthly.xlsx
[2026-08-03T03:47:29.026Z]   • ดาวน์โหลด Pink Sheet ล่าสุด ...
[2026-08-03T03:47:29.026Z]   • อ่านไฟล์ xlsx ...
[2026-08-03T03:47:29.026Z]   • ข้อมูลยังเป็นเดือนเดิม (มิ.ย. 69) — ไม่เขียนทับ
[2026-08-03T03:47:29.026Z]     NO_UPDATE
[2026-08-03T03:47:29.026Z] ✓ build-data.js สำเร็จ
[2026-08-03T03:52:28.277Z]   • ใช้ UN Comtrade API (key: ***89ba)
[2026-08-03T03:52:28.277Z]   • ค้นหาเดือนล่าสุดที่มีข้อมูล ย้อนหลังจาก 2026-08 (24 เดือน)
[2026-08-03T03:52:28.277Z]     ! ไทย/urea: timeout
[2026-08-03T03:52:28.277Z]     ไทย              urea            —  ✗ ไม่มีข้อมูล
[2026-08-03T03:52:28.278Z]     รัสเซีย          urea            —  ✗ ไม่มีข้อมูล
[2026-08-03T03:52:28.278Z]     ซาอุดีอาระเบีย   urea            801.71 USD/t (158kt, เม.ย. 69)  ✓
[2026-08-03T03:52:28.278Z]     บรูไน            urea            —  ✗ ไม่มีข้อมูล
[2026-08-03T03:52:28.278Z]     อินโดนีเซีย      urea            668.88 USD/t (33kt, พ.ค. 69)  ✓
[2026-08-03T03:52:28.278Z]     จีน              urea            —  ⚠ ปริมาณน้อย (ตัดทิ้ง)
[2026-08-03T03:52:28.278Z]     ไทย              dap             —  ⚠ ปริมาณน้อย (ตัดทิ้ง)
[2026-08-03T03:52:28.278Z]     รัสเซีย          dap             —  ✗ ไม่มีข้อมูล
[2026-08-03T03:52:28.278Z]     ซาอุดีอาระเบีย   dap             862.82 USD/t (298kt, เม.ย. 69)  ✓
[2026-08-03T03:52:28.278Z]     บรูไน            dap             —  ✗ ไม่มีข้อมูล
[2026-08-03T03:52:28.278Z]     อินโดนีเซีย      dap             —  ✗ ไม่มีข้อมูล
[2026-08-03T03:52:28.278Z]     จีน              dap             606.49 USD/t (213kt, ธ.ค. 67)  ✓
[2026-08-03T03:52:28.278Z]     ไทย              mop             414.97 USD/t (90kt, พ.ค. 69)  ✓
[2026-08-03T03:52:28.279Z]     รัสเซีย          mop             —  ✗ ไม่มีข้อมูล
[2026-08-03T03:52:28.279Z]     ซาอุดีอาระเบีย   mop             —  ⚠ ปริมาณน้อย (ตัดทิ้ง)
[2026-08-03T03:52:28.279Z]     บรูไน            mop             —  ✗ ไม่มีข้อมูล
[2026-08-03T03:52:28.279Z]     อินโดนีเซีย      mop             —  ⚠ ปริมาณน้อย (ตัดทิ้ง)
[2026-08-03T03:52:28.279Z]     จีน              mop             363.25 USD/t (12kt, ก.ย. 67)  ✓
[2026-08-03T03:52:28.279Z]     ไทย              phosphate_rock  —  ⚠ ปริมาณน้อย (ตัดทิ้ง)
[2026-08-03T03:52:28.279Z]     รัสเซีย          phosphate_rock  —  ✗ ไม่มีข้อมูล
[2026-08-03T03:52:28.279Z]     ซาอุดีอาระเบีย   phosphate_rock  —  ⚠ ปริมาณน้อย (ตัดทิ้ง)
[2026-08-03T03:52:28.279Z]     บรูไน            phosphate_rock  —  ✗ ไม่มีข้อมูล
[2026-08-03T03:52:28.279Z]     อินโดนีเซีย      phosphate_rock  —  ✗ ไม่มีข้อมูล
[2026-08-03T03:52:28.279Z]     จีน              phosphate_rock  228.17 USD/t (13kt, ธ.ค. 67)  ✓
[2026-08-03T03:52:28.279Z]   • เขียน data-comtrade.js สำเร็จ
[2026-08-03T03:52:28.279Z] ✓ build-comtrade.js สำเร็จ
[2026-08-03T03:52:28.279Z] === จบการอัปเดต ===

[2026-08-04T03:30:19.069Z] === เริ่มอัปเดตข้อมูลปุ๋ย ===
[2026-08-04T03:30:20.242Z]   • พบ URL ล่าสุด: https://thedocs.worldbank.org/en/doc/74e8be41ceb20fa0da750cda2f6b9e4e-0050012026/related/CMO-Historical-Data-Monthly.xlsx
[2026-08-04T03:30:20.242Z]   • ดาวน์โหลด Pink Sheet ล่าสุด ...
[2026-08-04T03:30:20.242Z]   • อ่านไฟล์ xlsx ...
[2026-08-04T03:30:20.242Z]   • ข้อมูลยังเป็นเดือนเดิม (มิ.ย. 69) — ไม่เขียนทับ
[2026-08-04T03:30:20.242Z]     NO_UPDATE
[2026-08-04T03:30:20.242Z] ✓ build-data.js สำเร็จ
[2026-08-04T03:34:45.705Z]   • ใช้ UN Comtrade API (key: ***89ba)
[2026-08-04T03:34:45.705Z]   • ค้นหาเดือนล่าสุดที่มีข้อมูล ย้อนหลังจาก 2026-08 (24 เดือน)
[2026-08-04T03:34:45.705Z]     ! ไทย/urea: timeout
[2026-08-04T03:34:45.705Z]     ไทย              urea            —  ✗ ไม่มีข้อมูล
[2026-08-04T03:34:45.705Z]     รัสเซีย          urea            —  ✗ ไม่มีข้อมูล
[2026-08-04T03:34:45.705Z]     ซาอุดีอาระเบีย   urea            801.71 USD/t (158kt, เม.ย. 69)  ✓
[2026-08-04T03:34:45.706Z]     บรูไน            urea            —  ✗ ไม่มีข้อมูล
[2026-08-04T03:34:45.706Z]     อินโดนีเซีย      urea            668.88 USD/t (33kt, พ.ค. 69)  ✓
[2026-08-04T03:34:45.706Z]     จีน              urea            —  ⚠ ปริมาณน้อย (ตัดทิ้ง)
[2026-08-04T03:34:45.706Z]     ไทย              dap             —  ⚠ ปริมาณน้อย (ตัดทิ้ง)
[2026-08-04T03:34:45.706Z]     รัสเซีย          dap             —  ✗ ไม่มีข้อมูล
[2026-08-04T03:34:45.706Z]     ซาอุดีอาระเบีย   dap             862.82 USD/t (298kt, เม.ย. 69)  ✓
[2026-08-04T03:34:45.706Z]     บรูไน            dap             —  ✗ ไม่มีข้อมูล
[2026-08-04T03:34:45.706Z]     อินโดนีเซีย      dap             —  ✗ ไม่มีข้อมูล
[2026-08-04T03:34:45.706Z]     จีน              dap             606.49 USD/t (213kt, ธ.ค. 67)  ✓
[2026-08-04T03:34:45.706Z]     ไทย              mop             414.97 USD/t (90kt, พ.ค. 69)  ✓
[2026-08-04T03:34:45.706Z]     รัสเซีย          mop             —  ✗ ไม่มีข้อมูล
[2026-08-04T03:34:45.707Z]     ซาอุดีอาระเบีย   mop             —  ⚠ ปริมาณน้อย (ตัดทิ้ง)
[2026-08-04T03:34:45.707Z]     บรูไน            mop             —  ✗ ไม่มีข้อมูล
[2026-08-04T03:34:45.707Z]     อินโดนีเซีย      mop             —  ⚠ ปริมาณน้อย (ตัดทิ้ง)
[2026-08-04T03:34:45.707Z]     จีน              mop             363.25 USD/t (12kt, ก.ย. 67)  ✓
[2026-08-04T03:34:45.707Z]     ไทย              phosphate_rock  —  ⚠ ปริมาณน้อย (ตัดทิ้ง)
[2026-08-04T03:34:45.707Z]     รัสเซีย          phosphate_rock  —  ✗ ไม่มีข้อมูล
[2026-08-04T03:34:45.707Z]     ซาอุดีอาระเบีย   phosphate_rock  —  ⚠ ปริมาณน้อย (ตัดทิ้ง)
[2026-08-04T03:34:45.707Z]     บรูไน            phosphate_rock  —  ✗ ไม่มีข้อมูล
[2026-08-04T03:34:45.707Z]     อินโดนีเซีย      phosphate_rock  —  ✗ ไม่มีข้อมูล
[2026-08-04T03:34:45.707Z]     จีน              phosphate_rock  228.17 USD/t (13kt, ธ.ค. 67)  ✓
[2026-08-04T03:34:45.707Z]   • เขียน data-comtrade.js สำเร็จ
[2026-08-04T03:34:45.707Z] ✓ build-comtrade.js สำเร็จ
[2026-08-04T03:34:45.707Z] === จบการอัปเดต ===

[2026-08-05T03:25:40.540Z] === เริ่มอัปเดตข้อมูลปุ๋ย ===
[2026-08-05T03:25:41.569Z]   • พบ URL ล่าสุด: https://thedocs.worldbank.org/en/doc/74e8be41ceb20fa0da750cda2f6b9e4e-0050012026/related/CMO-Historical-Data-Monthly.xlsx
[2026-08-05T03:25:41.569Z]   • ดาวน์โหลด Pink Sheet ล่าสุด ...
[2026-08-05T03:25:41.569Z]   • อ่านไฟล์ xlsx ...
[2026-08-05T03:25:41.569Z]   • เขียน data.js สำเร็จ (อัปเดตใหม่!)
[2026-08-05T03:25:41.569Z]     ช่วงเวลา : ก.ค. 68 → ก.ค. 69
[2026-08-05T03:25:41.569Z]     Urea ล่าสุด : 400 USD/ตัน
[2026-08-05T03:25:41.569Z]     DAP  ล่าสุด : 781.3 USD/ตัน
[2026-08-05T03:25:41.569Z]     MOP  ล่าสุด : 396.5 USD/ตัน
[2026-08-05T03:25:41.569Z]     Phosphate rock ล่าสุด : 170 USD/ตัน
[2026-08-05T03:25:41.569Z] ✓ build-data.js สำเร็จ
[2026-08-05T03:30:07.961Z]   • ใช้ UN Comtrade API (key: ***89ba)
[2026-08-05T03:30:07.961Z]   • ค้นหาเดือนล่าสุดที่มีข้อมูล ย้อนหลังจาก 2026-08 (24 เดือน)
[2026-08-05T03:30:07.961Z]     ! ไทย/urea: timeout
[2026-08-05T03:30:07.961Z]     ไทย              urea            —  ✗ ไม่มีข้อมูล
[2026-08-05T03:30:07.961Z]     รัสเซีย          urea            —  ✗ ไม่มีข้อมูล
[2026-08-05T03:30:07.961Z]     ซาอุดีอาระเบีย   urea            801.71 USD/t (158kt, เม.ย. 69)  ✓
[2026-08-05T03:30:07.961Z]     บรูไน            urea            —  ✗ ไม่มีข้อมูล
[2026-08-05T03:30:07.961Z]     อินโดนีเซีย      urea            668.88 USD/t (33kt, พ.ค. 69)  ✓
[2026-08-05T03:30:07.961Z]     จีน              urea            —  ⚠ ปริมาณน้อย (ตัดทิ้ง)
[2026-08-05T03:30:07.961Z]     ไทย              dap             —  ⚠ ปริมาณน้อย (ตัดทิ้ง)
[2026-08-05T03:30:07.961Z]     รัสเซีย          dap             —  ✗ ไม่มีข้อมูล
[2026-08-05T03:30:07.962Z]     ซาอุดีอาระเบีย   dap             862.82 USD/t (298kt, เม.ย. 69)  ✓
[2026-08-05T03:30:07.962Z]     บรูไน            dap             —  ✗ ไม่มีข้อมูล
[2026-08-05T03:30:07.962Z]     อินโดนีเซีย      dap             —  ✗ ไม่มีข้อมูล
[2026-08-05T03:30:07.962Z]     จีน              dap             606.49 USD/t (213kt, ธ.ค. 67)  ✓
[2026-08-05T03:30:07.962Z]     ไทย              mop             414.97 USD/t (90kt, พ.ค. 69)  ✓
[2026-08-05T03:30:07.962Z]     รัสเซีย          mop             —  ✗ ไม่มีข้อมูล
[2026-08-05T03:30:07.962Z]     ซาอุดีอาระเบีย   mop             —  ⚠ ปริมาณน้อย (ตัดทิ้ง)
[2026-08-05T03:30:07.962Z]     บรูไน            mop             —  ✗ ไม่มีข้อมูล
[2026-08-05T03:30:07.962Z]     อินโดนีเซีย      mop             —  ⚠ ปริมาณน้อย (ตัดทิ้ง)
[2026-08-05T03:30:07.962Z]     จีน              mop             363.25 USD/t (12kt, ก.ย. 67)  ✓
[2026-08-05T03:30:07.962Z]     ไทย              phosphate_rock  —  ⚠ ปริมาณน้อย (ตัดทิ้ง)
[2026-08-05T03:30:07.962Z]     รัสเซีย          phosphate_rock  —  ✗ ไม่มีข้อมูล
[2026-08-05T03:30:07.962Z]     ซาอุดีอาระเบีย   phosphate_rock  —  ⚠ ปริมาณน้อย (ตัดทิ้ง)
[2026-08-05T03:30:07.962Z]     บรูไน            phosphate_rock  —  ✗ ไม่มีข้อมูล
[2026-08-05T03:30:07.962Z]     อินโดนีเซีย      phosphate_rock  —  ✗ ไม่มีข้อมูล
[2026-08-05T03:30:07.962Z]     จีน              phosphate_rock  228.17 USD/t (13kt, ธ.ค. 67)  ✓
[2026-08-05T03:30:07.962Z]   • เขียน data-comtrade.js สำเร็จ
[2026-08-05T03:30:07.962Z] ✓ build-comtrade.js สำเร็จ
[2026-08-05T03:30:07.962Z] === จบการอัปเดต ===

[2026-08-06T03:29:10.362Z] === เริ่มอัปเดตข้อมูลปุ๋ย ===
[2026-08-06T03:29:11.462Z]   • พบ URL ล่าสุด: https://thedocs.worldbank.org/en/doc/74e8be41ceb20fa0da750cda2f6b9e4e-0050012026/related/CMO-Historical-Data-Monthly.xlsx
[2026-08-06T03:29:11.462Z]   • ดาวน์โหลด Pink Sheet ล่าสุด ...
[2026-08-06T03:29:11.462Z]   • อ่านไฟล์ xlsx ...
[2026-08-06T03:29:11.462Z]   • ข้อมูลยังเป็นเดือนเดิม (ก.ค. 69) — ไม่เขียนทับ
[2026-08-06T03:29:11.462Z]     NO_UPDATE
[2026-08-06T03:29:11.462Z] ✓ build-data.js สำเร็จ
[2026-08-06T03:33:48.718Z]   • ใช้ UN Comtrade API (key: ***89ba)
[2026-08-06T03:33:48.718Z]   • ค้นหาเดือนล่าสุดที่มีข้อมูล ย้อนหลังจาก 2026-08 (24 เดือน)
[2026-08-06T03:33:48.718Z]     ไทย              urea            788.29 USD/t (48kt, พ.ค. 69)  ✓
[2026-08-06T03:33:48.718Z]     รัสเซีย          urea            —  ✗ ไม่มีข้อมูล
[2026-08-06T03:33:48.718Z]     ซาอุดีอาระเบีย   urea            801.71 USD/t (158kt, เม.ย. 69)  ✓
[2026-08-06T03:33:48.718Z]     บรูไน            urea            —  ✗ ไม่มีข้อมูล
[2026-08-06T03:33:48.719Z]     อินโดนีเซีย      urea            668.88 USD/t (33kt, พ.ค. 69)  ✓
[2026-08-06T03:33:48.719Z]     จีน              urea            —  ⚠ ปริมาณน้อย (ตัดทิ้ง)
[2026-08-06T03:33:48.719Z]     ไทย              dap             —  ⚠ ปริมาณน้อย (ตัดทิ้ง)
[2026-08-06T03:33:48.719Z]     รัสเซีย          dap             —  ✗ ไม่มีข้อมูล
[2026-08-06T03:33:48.719Z]     ซาอุดีอาระเบีย   dap             862.82 USD/t (298kt, เม.ย. 69)  ✓
[2026-08-06T03:33:48.719Z]     บรูไน            dap             —  ✗ ไม่มีข้อมูล
[2026-08-06T03:33:48.719Z]     อินโดนีเซีย      dap             —  ✗ ไม่มีข้อมูล
[2026-08-06T03:33:48.719Z]     จีน              dap             606.49 USD/t (213kt, ธ.ค. 67)  ✓
[2026-08-06T03:33:48.719Z]     ไทย              mop             414.97 USD/t (90kt, พ.ค. 69)  ✓
[2026-08-06T03:33:48.719Z]     รัสเซีย          mop             —  ✗ ไม่มีข้อมูล
[2026-08-06T03:33:48.719Z]     ซาอุดีอาระเบีย   mop             —  ⚠ ปริมาณน้อย (ตัดทิ้ง)
[2026-08-06T03:33:48.719Z]     บรูไน            mop             —  ✗ ไม่มีข้อมูล
[2026-08-06T03:33:48.719Z]     อินโดนีเซีย      mop             —  ⚠ ปริมาณน้อย (ตัดทิ้ง)
[2026-08-06T03:33:48.719Z]     จีน              mop             363.25 USD/t (12kt, ก.ย. 67)  ✓
[2026-08-06T03:33:48.719Z]     ไทย              phosphate_rock  —  ⚠ ปริมาณน้อย (ตัดทิ้ง)
[2026-08-06T03:33:48.719Z]     รัสเซีย          phosphate_rock  —  ✗ ไม่มีข้อมูล
[2026-08-06T03:33:48.720Z]     ซาอุดีอาระเบีย   phosphate_rock  —  ⚠ ปริมาณน้อย (ตัดทิ้ง)
[2026-08-06T03:33:48.720Z]     บรูไน            phosphate_rock  —  ✗ ไม่มีข้อมูล
[2026-08-06T03:33:48.720Z]     อินโดนีเซีย      phosphate_rock  —  ✗ ไม่มีข้อมูล
[2026-08-06T03:33:48.720Z]     จีน              phosphate_rock  228.17 USD/t (13kt, ธ.ค. 67)  ✓
[2026-08-06T03:33:48.720Z]   • เขียน data-comtrade.js สำเร็จ
[2026-08-06T03:33:48.720Z] ✓ build-comtrade.js สำเร็จ
[2026-08-06T03:33:48.720Z] === จบการอัปเดต ===

[2026-08-07T03:12:22.894Z] === เริ่มอัปเดตข้อมูลปุ๋ย ===
[2026-08-07T03:12:23.945Z]   • พบ URL ล่าสุด: https://thedocs.worldbank.org/en/doc/74e8be41ceb20fa0da750cda2f6b9e4e-0050012026/related/CMO-Historical-Data-Monthly.xlsx
[2026-08-07T03:12:23.945Z]   • ดาวน์โหลด Pink Sheet ล่าสุด ...
[2026-08-07T03:12:23.945Z]   • อ่านไฟล์ xlsx ...
[2026-08-07T03:12:23.945Z]   • ข้อมูลยังเป็นเดือนเดิม (ก.ค. 69) — ไม่เขียนทับ
[2026-08-07T03:12:23.945Z]     NO_UPDATE
[2026-08-07T03:12:23.945Z] ✓ build-data.js สำเร็จ
[2026-08-07T03:17:23.949Z]   • ใช้ UN Comtrade API (key: ***89ba)
[2026-08-07T03:17:23.949Z]   • ค้นหาเดือนล่าสุดที่มีข้อมูล ย้อนหลังจาก 2026-08 (24 เดือน)
[2026-08-07T03:17:23.949Z]     ! ไทย/urea: timeout
[2026-08-07T03:17:23.949Z]     ไทย              urea            —  ✗ ไม่มีข้อมูล
[2026-08-07T03:17:23.950Z]     รัสเซีย          urea            —  ✗ ไม่มีข้อมูล
[2026-08-07T03:17:23.950Z]     ซาอุดีอาระเบีย   urea            801.71 USD/t (158kt, เม.ย. 69)  ✓
[2026-08-07T03:17:23.950Z]     บรูไน            urea            —  ✗ ไม่มีข้อมูล
[2026-08-07T03:17:23.950Z]     อินโดนีเซีย      urea            668.88 USD/t (33kt, พ.ค. 69)  ✓
[2026-08-07T03:17:23.950Z]     จีน              urea            —  ⚠ ปริมาณน้อย (ตัดทิ้ง)
[2026-08-07T03:17:23.950Z]     ไทย              dap             —  ⚠ ปริมาณน้อย (ตัดทิ้ง)
[2026-08-07T03:17:23.950Z]     รัสเซีย          dap             —  ✗ ไม่มีข้อมูล
[2026-08-07T03:17:23.950Z]     ซาอุดีอาระเบีย   dap             862.82 USD/t (298kt, เม.ย. 69)  ✓
[2026-08-07T03:17:23.950Z]     บรูไน            dap             —  ✗ ไม่มีข้อมูล
[2026-08-07T03:17:23.950Z]     อินโดนีเซีย      dap             —  ✗ ไม่มีข้อมูล
[2026-08-07T03:17:23.950Z]     จีน              dap             606.49 USD/t (213kt, ธ.ค. 67)  ✓
[2026-08-07T03:17:23.950Z]     ไทย              mop             414.97 USD/t (90kt, พ.ค. 69)  ✓
[2026-08-07T03:17:23.950Z]     รัสเซีย          mop             —  ✗ ไม่มีข้อมูล
[2026-08-07T03:17:23.950Z]     ซาอุดีอาระเบีย   mop             —  ⚠ ปริมาณน้อย (ตัดทิ้ง)
[2026-08-07T03:17:23.950Z]     บรูไน            mop             —  ✗ ไม่มีข้อมูล
[2026-08-07T03:17:23.950Z] ✗ build-comtrade.js ล้มเหลว: Command failed: node /home/runner/work/fertilizer-dashboard/fertilizer-dashboard/build-comtrade.js

[2026-08-07T03:17:23.950Z] === จบการอัปเดต ===

[2026-09-02T04:19:57.116Z] === เริ่มอัปเดตข้อมูลปุ๋ย ===
[2026-09-02T04:19:57.981Z]   • พบ URL ล่าสุด: https://thedocs.worldbank.org/en/doc/74e8be41ceb20fa0da750cda2f6b9e4e-0050012026/related/CMO-Historical-Data-Monthly.xlsx
[2026-09-02T04:19:57.981Z]   • ดาวน์โหลด Pink Sheet ล่าสุด ...
[2026-09-02T04:19:57.981Z]   • อ่านไฟล์ xlsx ...
[2026-09-02T04:19:57.981Z]   • ข้อมูลยังเป็นเดือนเดิม (ก.ค. 69) — ไม่เขียนทับ
[2026-09-02T04:19:57.981Z]     NO_UPDATE
[2026-09-02T04:19:57.981Z] ✓ build-data.js สำเร็จ
[2026-09-02T04:23:12.297Z]   • ใช้ UN Comtrade API (key: ***89ba)
[2026-09-02T04:23:12.297Z]   • ค้นหาเดือนล่าสุดที่มีข้อมูล ย้อนหลังจาก 2026-09 (24 เดือน)
[2026-09-02T04:23:12.297Z]     ไทย              urea            788.29 USD/t (48kt, พ.ค. 69)  ✓
[2026-09-02T04:23:12.297Z]     รัสเซีย          urea            —  ✗ ไม่มีข้อมูล
[2026-09-02T04:23:12.297Z]     ซาอุดีอาระเบีย   urea            801.71 USD/t (158kt, เม.ย. 69)  ✓
[2026-09-02T04:23:12.297Z]     บรูไน            urea            —  ✗ ไม่มีข้อมูล
[2026-09-02T04:23:12.298Z]     อินโดนีเซีย      urea            614.78 USD/t (116kt, มิ.ย. 69)  ✓
[2026-09-02T04:23:12.298Z]     จีน              urea            —  ⚠ ปริมาณน้อย (ตัดทิ้ง)
[2026-09-02T04:23:12.298Z]     ไทย              dap             —  ⚠ ปริมาณน้อย (ตัดทิ้ง)
[2026-09-02T04:23:12.298Z]     รัสเซีย          dap             —  ✗ ไม่มีข้อมูล
[2026-09-02T04:23:12.298Z]     ซาอุดีอาระเบีย   dap             862.82 USD/t (298kt, เม.ย. 69)  ✓
[2026-09-02T04:23:12.298Z]     บรูไน            dap             —  ✗ ไม่มีข้อมูล
[2026-09-02T04:23:12.298Z]     อินโดนีเซีย      dap             —  ✗ ไม่มีข้อมูล
[2026-09-02T04:23:12.298Z]     จีน              dap             606.49 USD/t (213kt, ธ.ค. 67)  ✓
[2026-09-02T04:23:12.298Z]     ไทย              mop             414.97 USD/t (90kt, พ.ค. 69)  ✓
[2026-09-02T04:23:12.298Z]     รัสเซีย          mop             —  ✗ ไม่มีข้อมูล
[2026-09-02T04:23:12.298Z]     ซาอุดีอาระเบีย   mop             —  ⚠ ปริมาณน้อย (ตัดทิ้ง)
[2026-09-02T04:23:12.298Z]     บรูไน            mop             —  ✗ ไม่มีข้อมูล
[2026-09-02T04:23:12.298Z]     อินโดนีเซีย      mop             —  ⚠ ปริมาณน้อย (ตัดทิ้ง)
[2026-09-02T04:23:12.298Z]     จีน              mop             —  ⚠ ปริมาณน้อย (ตัดทิ้ง)
[2026-09-02T04:23:12.298Z]     ไทย              phosphate_rock  —  ⚠ ปริมาณน้อย (ตัดทิ้ง)
[2026-09-02T04:23:12.298Z]     รัสเซีย          phosphate_rock  —  ✗ ไม่มีข้อมูล
[2026-09-02T04:23:12.298Z]     ซาอุดีอาระเบีย   phosphate_rock  —  ⚠ ปริมาณน้อย (ตัดทิ้ง)
[2026-09-02T04:23:12.298Z]     บรูไน            phosphate_rock  —  ✗ ไม่มีข้อมูล
[2026-09-02T04:23:12.298Z]     อินโดนีเซีย      phosphate_rock  —  ✗ ไม่มีข้อมูล
[2026-09-02T04:23:12.298Z]     จีน              phosphate_rock  228.17 USD/t (13kt, ธ.ค. 67)  ✓
[2026-09-02T04:23:12.298Z]   • เขียน data-comtrade.js สำเร็จ
[2026-09-02T04:23:12.299Z] ✓ build-comtrade.js สำเร็จ
[2026-09-02T04:23:12.299Z] === จบการอัปเดต ===

[2026-09-03T04:13:41.796Z] === เริ่มอัปเดตข้อมูลปุ๋ย ===
[2026-09-03T04:13:42.760Z]   • พบ URL ล่าสุด: https://thedocs.worldbank.org/en/doc/74e8be41ceb20fa0da750cda2f6b9e4e-0050012026/related/CMO-Historical-Data-Monthly.xlsx
[2026-09-03T04:13:42.760Z]   • ดาวน์โหลด Pink Sheet ล่าสุด ...
[2026-09-03T04:13:42.760Z]   • อ่านไฟล์ xlsx ...
[2026-09-03T04:13:42.760Z]   • เขียน data.js สำเร็จ (อัปเดตใหม่!)
[2026-09-03T04:13:42.760Z]     ช่วงเวลา : ส.ค. 68 → ส.ค. 69
[2026-09-03T04:13:42.760Z]     Urea ล่าสุด : 390 USD/ตัน
[2026-09-03T04:13:42.760Z]     DAP  ล่าสุด : 793.5 USD/ตัน
[2026-09-03T04:13:42.760Z]     MOP  ล่าสุด : 386.9 USD/ตัน
[2026-09-03T04:13:42.760Z]     Phosphate rock ล่าสุด : 170 USD/ตัน
[2026-09-03T04:13:42.760Z] ✓ build-data.js สำเร็จ
[2026-09-03T04:18:42.765Z]   • ใช้ UN Comtrade API (key: ***89ba)
[2026-09-03T04:18:42.765Z]   • ค้นหาเดือนล่าสุดที่มีข้อมูล ย้อนหลังจาก 2026-09 (24 เดือน)
[2026-09-03T04:18:42.765Z]     ! ไทย/urea: timeout
[2026-09-03T04:18:42.766Z]     ไทย              urea            —  ✗ ไม่มีข้อมูล
[2026-09-03T04:18:42.766Z]     รัสเซีย          urea            —  ✗ ไม่มีข้อมูล
[2026-09-03T04:18:42.766Z]     ซาอุดีอาระเบีย   urea            801.71 USD/t (158kt, เม.ย. 69)  ✓
[2026-09-03T04:18:42.766Z]     บรูไน            urea            —  ✗ ไม่มีข้อมูล
[2026-09-03T04:18:42.766Z]     อินโดนีเซีย      urea            614.78 USD/t (116kt, มิ.ย. 69)  ✓
[2026-09-03T04:18:42.766Z]     จีน              urea            —  ⚠ ปริมาณน้อย (ตัดทิ้ง)
[2026-09-03T04:18:42.766Z]     ! ไทย/dap: timeout
[2026-09-03T04:18:42.766Z]     ไทย              dap             —  ✗ ไม่มีข้อมูล
[2026-09-03T04:18:42.766Z]     รัสเซีย          dap             —  ✗ ไม่มีข้อมูล
[2026-09-03T04:18:42.766Z]     ซาอุดีอาระเบีย   dap             862.82 USD/t (298kt, เม.ย. 69)  ✓
[2026-09-03T04:18:42.766Z]     บรูไน            dap             —  ✗ ไม่มีข้อมูล
[2026-09-03T04:18:42.766Z]     อินโดนีเซีย      dap             —  ✗ ไม่มีข้อมูล
[2026-09-03T04:18:42.766Z]     จีน              dap             606.49 USD/t (213kt, ธ.ค. 67)  ✓
[2026-09-03T04:18:42.766Z]     ไทย              mop             414.97 USD/t (90kt, พ.ค. 69)  ✓
[2026-09-03T04:18:42.766Z]     รัสเซีย          mop             —  ✗ ไม่มีข้อมูล
[2026-09-03T04:18:42.766Z]     ซาอุดีอาระเบีย   mop             —  ⚠ ปริมาณน้อย (ตัดทิ้ง)
[2026-09-03T04:18:42.766Z]     บรูไน            mop             —  ✗ ไม่มีข้อมูล
[2026-09-03T04:18:42.766Z]     อินโดนีเซีย      mop             —  ⚠ ปริมาณน้อย (ตัดทิ้ง)
[2026-09-03T04:18:42.767Z]     จีน              mop             —  ⚠ ปริมาณน้อย (ตัดทิ้ง)
[2026-09-03T04:18:42.767Z] ✗ build-comtrade.js ล้มเหลว: Command failed: node /home/runner/work/fertilizer-dashboard/fertilizer-dashboard/build-comtrade.js

[2026-09-03T04:18:42.767Z] === จบการอัปเดต ===

[2026-09-04T04:22:49.166Z] === เริ่มอัปเดตข้อมูลปุ๋ย ===
[2026-09-04T04:22:50.165Z]   • พบ URL ล่าสุด: https://thedocs.worldbank.org/en/doc/74e8be41ceb20fa0da750cda2f6b9e4e-0050012026/related/CMO-Historical-Data-Monthly.xlsx
[2026-09-04T04:22:50.165Z]   • ดาวน์โหลด Pink Sheet ล่าสุด ...
[2026-09-04T04:22:50.165Z]   • อ่านไฟล์ xlsx ...
[2026-09-04T04:22:50.165Z]   • ข้อมูลยังเป็นเดือนเดิม (ส.ค. 69) — ไม่เขียนทับ
[2026-09-04T04:22:50.165Z]     NO_UPDATE
[2026-09-04T04:22:50.165Z] ✓ build-data.js สำเร็จ
[2026-09-04T04:25:49.124Z]   • ใช้ UN Comtrade API (key: ***89ba)
[2026-09-04T04:25:49.124Z]   • ค้นหาเดือนล่าสุดที่มีข้อมูล ย้อนหลังจาก 2026-09 (24 เดือน)
[2026-09-04T04:25:49.124Z]     ไทย              urea            788.29 USD/t (48kt, พ.ค. 69)  ✓
[2026-09-04T04:25:49.124Z]     รัสเซีย          urea            —  ✗ ไม่มีข้อมูล
[2026-09-04T04:25:49.124Z]     ซาอุดีอาระเบีย   urea            801.71 USD/t (158kt, เม.ย. 69)  ✓
[2026-09-04T04:25:49.124Z]     บรูไน            urea            —  ✗ ไม่มีข้อมูล
[2026-09-04T04:25:49.124Z]     อินโดนีเซีย      urea            614.78 USD/t (116kt, มิ.ย. 69)  ✓
[2026-09-04T04:25:49.124Z]     จีน              urea            —  ⚠ ปริมาณน้อย (ตัดทิ้ง)
[2026-09-04T04:25:49.124Z]     ไทย              dap             —  ⚠ ปริมาณน้อย (ตัดทิ้ง)
[2026-09-04T04:25:49.125Z]     รัสเซีย          dap             —  ✗ ไม่มีข้อมูล
[2026-09-04T04:25:49.125Z]     ซาอุดีอาระเบีย   dap             862.82 USD/t (298kt, เม.ย. 69)  ✓
[2026-09-04T04:25:49.125Z]     บรูไน            dap             —  ✗ ไม่มีข้อมูล
[2026-09-04T04:25:49.125Z]     อินโดนีเซีย      dap             —  ✗ ไม่มีข้อมูล
[2026-09-04T04:25:49.125Z]     จีน              dap             606.49 USD/t (213kt, ธ.ค. 67)  ✓
[2026-09-04T04:25:49.125Z]     ไทย              mop             414.97 USD/t (90kt, พ.ค. 69)  ✓
[2026-09-04T04:25:49.125Z]     รัสเซีย          mop             —  ✗ ไม่มีข้อมูล
[2026-09-04T04:25:49.125Z]     ซาอุดีอาระเบีย   mop             —  ⚠ ปริมาณน้อย (ตัดทิ้ง)
[2026-09-04T04:25:49.125Z]     บรูไน            mop             —  ✗ ไม่มีข้อมูล
[2026-09-04T04:25:49.125Z]     อินโดนีเซีย      mop             —  ⚠ ปริมาณน้อย (ตัดทิ้ง)
[2026-09-04T04:25:49.125Z]     จีน              mop             —  ⚠ ปริมาณน้อย (ตัดทิ้ง)
[2026-09-04T04:25:49.125Z]     ไทย              phosphate_rock  —  ⚠ ปริมาณน้อย (ตัดทิ้ง)
[2026-09-04T04:25:49.125Z]     รัสเซีย          phosphate_rock  —  ✗ ไม่มีข้อมูล
[2026-09-04T04:25:49.125Z]     ซาอุดีอาระเบีย   phosphate_rock  —  ⚠ ปริมาณน้อย (ตัดทิ้ง)
[2026-09-04T04:25:49.125Z]     บรูไน            phosphate_rock  —  ✗ ไม่มีข้อมูล
[2026-09-04T04:25:49.125Z]     อินโดนีเซีย      phosphate_rock  —  ✗ ไม่มีข้อมูล
[2026-09-04T04:25:49.125Z]     จีน              phosphate_rock  228.17 USD/t (13kt, ธ.ค. 67)  ✓
[2026-09-04T04:25:49.125Z]   • เขียน data-comtrade.js สำเร็จ
[2026-09-04T04:25:49.125Z] ✓ build-comtrade.js สำเร็จ
[2026-09-04T04:25:49.125Z] === จบการอัปเดต ===

[2026-09-05T04:16:13.978Z] === เริ่มอัปเดตข้อมูลปุ๋ย ===
[2026-09-05T04:16:14.835Z]   • พบ URL ล่าสุด: https://thedocs.worldbank.org/en/doc/74e8be41ceb20fa0da750cda2f6b9e4e-0050012026/related/CMO-Historical-Data-Monthly.xlsx
[2026-09-05T04:16:14.835Z]   • ดาวน์โหลด Pink Sheet ล่าสุด ...
[2026-09-05T04:16:14.835Z]   • อ่านไฟล์ xlsx ...
[2026-09-05T04:16:14.835Z]   • ข้อมูลยังเป็นเดือนเดิม (ส.ค. 69) — ไม่เขียนทับ
[2026-09-05T04:16:14.835Z]     NO_UPDATE
[2026-09-05T04:16:14.835Z] ✓ build-data.js สำเร็จ
[2026-09-05T04:19:11.547Z]   • ใช้ UN Comtrade API (key: ***89ba)
[2026-09-05T04:19:11.547Z]   • ค้นหาเดือนล่าสุดที่มีข้อมูล ย้อนหลังจาก 2026-09 (24 เดือน)
[2026-09-05T04:19:11.548Z]     ไทย              urea            788.29 USD/t (48kt, พ.ค. 69)  ✓
[2026-09-05T04:19:11.548Z]     รัสเซีย          urea            —  ✗ ไม่มีข้อมูล
[2026-09-05T04:19:11.548Z]     ซาอุดีอาระเบีย   urea            801.71 USD/t (158kt, เม.ย. 69)  ✓
[2026-09-05T04:19:11.548Z]     บรูไน            urea            —  ✗ ไม่มีข้อมูล
[2026-09-05T04:19:11.548Z]     อินโดนีเซีย      urea            614.78 USD/t (116kt, มิ.ย. 69)  ✓
[2026-09-05T04:19:11.548Z]     จีน              urea            —  ⚠ ปริมาณน้อย (ตัดทิ้ง)
[2026-09-05T04:19:11.548Z]     ไทย              dap             —  ⚠ ปริมาณน้อย (ตัดทิ้ง)
[2026-09-05T04:19:11.548Z]     รัสเซีย          dap             —  ✗ ไม่มีข้อมูล
[2026-09-05T04:19:11.548Z]     ซาอุดีอาระเบีย   dap             862.82 USD/t (298kt, เม.ย. 69)  ✓
[2026-09-05T04:19:11.548Z]     บรูไน            dap             —  ✗ ไม่มีข้อมูล
[2026-09-05T04:19:11.548Z]     อินโดนีเซีย      dap             —  ✗ ไม่มีข้อมูล
[2026-09-05T04:19:11.548Z]     จีน              dap             606.49 USD/t (213kt, ธ.ค. 67)  ✓
[2026-09-05T04:19:11.549Z]     ไทย              mop             414.97 USD/t (90kt, พ.ค. 69)  ✓
[2026-09-05T04:19:11.549Z]     รัสเซีย          mop             —  ✗ ไม่มีข้อมูล
[2026-09-05T04:19:11.549Z]     ซาอุดีอาระเบีย   mop             —  ⚠ ปริมาณน้อย (ตัดทิ้ง)
[2026-09-05T04:19:11.549Z]     บรูไน            mop             —  ✗ ไม่มีข้อมูล
[2026-09-05T04:19:11.549Z]     อินโดนีเซีย      mop             —  ⚠ ปริมาณน้อย (ตัดทิ้ง)
[2026-09-05T04:19:11.549Z]     จีน              mop             —  ⚠ ปริมาณน้อย (ตัดทิ้ง)
[2026-09-05T04:19:11.549Z]     ไทย              phosphate_rock  —  ⚠ ปริมาณน้อย (ตัดทิ้ง)
[2026-09-05T04:19:11.549Z]     รัสเซีย          phosphate_rock  —  ✗ ไม่มีข้อมูล
[2026-09-05T04:19:11.549Z]     ซาอุดีอาระเบีย   phosphate_rock  —  ⚠ ปริมาณน้อย (ตัดทิ้ง)
[2026-09-05T04:19:11.549Z]     บรูไน            phosphate_rock  —  ✗ ไม่มีข้อมูล
[2026-09-05T04:19:11.549Z]     อินโดนีเซีย      phosphate_rock  —  ✗ ไม่มีข้อมูล
[2026-09-05T04:19:11.549Z]     จีน              phosphate_rock  228.17 USD/t (13kt, ธ.ค. 67)  ✓
[2026-09-05T04:19:11.549Z]   • เขียน data-comtrade.js สำเร็จ
[2026-09-05T04:19:11.549Z] ✓ build-comtrade.js สำเร็จ
[2026-09-05T04:19:11.549Z] === จบการอัปเดต ===

